Sat, 06 Jan 2024 05:57:25 GMT express-session deprecated undefined resave option; provide resave option at app.js:57:9
Sat, 06 Jan 2024 05:57:25 GMT express-session deprecated undefined saveUninitialized option; provide saveUninitialized option at app.js:57:9
(node:976211) DeprecationWarning: `open()` is deprecated in mongoose >= 4.11.0, use `openUri()` instead, or set the `useMongoClient` option if using `connect()` or `createConnection()`. See http://mongoosejs.com/docs/4.x/docs/connections.html#use-mongo-client
Error connecting:  Error [MongoError]: failed to connect to server [localhost:27017] on first connect [Error: connect ECONNREFUSED 127.0.0.1:27017
    at TCPConnectWrap.afterConnect [as oncomplete] (net.js:1138:16) {
  name: 'MongoError'
}]
    at Pool.<anonymous> (/home/feardread/_workspace/_git/ghap.com/node_modules/mongodb-core/lib/topologies/server.js:336:35)
    at Pool.emit (events.js:314:20)
    at Connection.<anonymous> (/home/feardread/_workspace/_git/ghap.com/node_modules/mongodb-core/lib/connection/pool.js:280:12)
    at Object.onceWrapper (events.js:421:26)
    at Connection.emit (events.js:314:20)
    at Socket.<anonymous> (/home/feardread/_workspace/_git/ghap.com/node_modules/mongodb-core/lib/connection/connection.js:189:49)
    at Object.onceWrapper (events.js:421:26)
    at Socket.emit (events.js:314:20)
    at emitErrorNT (internal/streams/destroy.js:92:8)
    at emitErrorAndCloseNT (internal/streams/destroy.js:60:3)
    at processTicksAndRejections (internal/process/task_queues.js:84:21)
MongoDB connected at mongodb://localhost/ultimate_totals_db
GHAP.com listening at http://:::4000
